------------------------------------------------------------
TimeQuest Timing Analyzer Summary
------------------------------------------------------------

Type  : Slow 1200mV 85C Model Setup 'present_state.lock'
Slack : -3.951
TNS   : -3.951

Type  : Slow 1200mV 85C Model Setup 'present_state.Div_count'
Slack : -3.488
TNS   : -3.488

Type  : Slow 1200mV 85C Model Setup 'present_state.clean'
Slack : -1.324
TNS   : -1.324

Type  : Slow 1200mV 85C Model Setup 'CLKK'
Slack : -0.442
TNS   : -1.325

Type  : Slow 1200mV 85C Model Hold 'CLKK'
Slack : -0.127
TNS   : -0.147

Type  : Slow 1200mV 85C Model Hold 'present_state.clean'
Slack : 0.713
TNS   : 0.000

Type  : Slow 1200mV 85C Model Hold 'present_state.Div_count'
Slack : 3.125
TNS   : 0.000

Type  : Slow 1200mV 85C Model Hold 'present_state.lock'
Slack : 3.516
TNS   : 0.000

Type  : Slow 1200mV 85C Model Minimum Pulse Width 'CLKK'
Slack : -3.000
TNS   : -8.948

Type  : Slow 1200mV 85C Model Minimum Pulse Width 'present_state.Div_count'
Slack : 0.422
TNS   : 0.000

Type  : Slow 1200mV 85C Model Minimum Pulse Width 'present_state.lock'
Slack : 0.422
TNS   : 0.000

Type  : Slow 1200mV 85C Model Minimum Pulse Width 'present_state.clean'
Slack : 0.423
TNS   : 0.000

Type  : Slow 1200mV 0C Model Setup 'present_state.lock'
Slack : -3.574
TNS   : -3.574

Type  : Slow 1200mV 0C Model Setup 'present_state.Div_count'
Slack : -3.092
TNS   : -3.092

Type  : Slow 1200mV 0C Model Setup 'present_state.clean'
Slack : -1.214
TNS   : -1.214

Type  : Slow 1200mV 0C Model Setup 'CLKK'
Slack : -0.326
TNS   : -0.976

Type  : Slow 1200mV 0C Model Hold 'CLKK'
Slack : -0.114
TNS   : -0.114

Type  : Slow 1200mV 0C Model Hold 'present_state.clean'
Slack : 0.720
TNS   : 0.000

Type  : Slow 1200mV 0C Model Hold 'present_state.Div_count'
Slack : 2.856
TNS   : 0.000

Type  : Slow 1200mV 0C Model Hold 'present_state.lock'
Slack : 3.268
TNS   : 0.000

Type  : Slow 1200mV 0C Model Minimum Pulse Width 'CLKK'
Slack : -3.000
TNS   : -8.948

Type  : Slow 1200mV 0C Model Minimum Pulse Width 'present_state.Div_count'
Slack : 0.436
TNS   : 0.000

Type  : Slow 1200mV 0C Model Minimum Pulse Width 'present_state.clean'
Slack : 0.437
TNS   : 0.000

Type  : Slow 1200mV 0C Model Minimum Pulse Width 'present_state.lock'
Slack : 0.437
TNS   : 0.000

Type  : Fast 1200mV 0C Model Setup 'present_state.lock'
Slack : -1.553
TNS   : -1.553

Type  : Fast 1200mV 0C Model Setup 'present_state.Div_count'
Slack : -1.080
TNS   : -1.080

Type  : Fast 1200mV 0C Model Setup 'present_state.clean'
Slack : -0.308
TNS   : -0.308

Type  : Fast 1200mV 0C Model Setup 'CLKK'
Slack : 0.013
TNS   : 0.000

Type  : Fast 1200mV 0C Model Hold 'CLKK'
Slack : -0.200
TNS   : -0.548

Type  : Fast 1200mV 0C Model Hold 'present_state.clean'
Slack : 0.638
TNS   : 0.000

Type  : Fast 1200mV 0C Model Hold 'present_state.Div_count'
Slack : 1.454
TNS   : 0.000

Type  : Fast 1200mV 0C Model Hold 'present_state.lock'
Slack : 1.904
TNS   : 0.000

Type  : Fast 1200mV 0C Model Minimum Pulse Width 'CLKK'
Slack : -3.000
TNS   : -7.224

Type  : Fast 1200mV 0C Model Minimum Pulse Width 'present_state.clean'
Slack : 0.456
TNS   : 0.000

Type  : Fast 1200mV 0C Model Minimum Pulse Width 'present_state.lock'
Slack : 0.456
TNS   : 0.000

Type  : Fast 1200mV 0C Model Minimum Pulse Width 'present_state.Div_count'
Slack : 0.459
TNS   : 0.000

------------------------------------------------------------
